
> uxd-periscope@0.1.0 verify
> npm run typecheck && npm test && npm run build


> uxd-periscope@0.1.0 typecheck
> tsc --noEmit


> uxd-periscope@0.1.0 test
> node --import tsx --test tests/*.test.ts

TAP version 13
# (node:47233) ExperimentalWarning: SQLite is an experimental feature and might change at any time
# (Use `node --trace-warnings ...` to show where the warning was created)
# Subtest: API validates writes, enforces origin, persists changes, and reports revision conflicts
ok 1 - API validates writes, enforces origin, persists changes, and reports revision conflicts
  ---
  duration_ms: 118.715625
  type: 'test'
  ...
# Subtest: 12 people provide 9.6 net FTE, research 1.6
ok 2 - 12 people provide 9.6 net FTE, research 1.6
  ---
  duration_ms: 6.737791
  type: 'test'
  ...
# Subtest: committed October research is 120%; proposed adds demand without mutating plan
ok 3 - committed October research is 120%; proposed adds demand without mutating plan
  ---
  duration_ms: 1.914375
  type: 'test'
  ...
# Subtest: thresholds and zero capacity
ok 4 - thresholds and zero capacity
  ---
  duration_ms: 0.081417
  type: 'test'
  ...
# Subtest: inclusive dates, weekday prorating, no demand outside dates
ok 5 - inclusive dates, weekday prorating, no demand outside dates
  ---
  duration_ms: 1.973041
  type: 'test'
  ...
# Subtest: CSV round trips quoted names; rejects invalid and duplicate rows
ok 6 - CSV round trips quoted names; rejects invalid and duplicate rows
  ---
  duration_ms: 2.575917
  type: 'test'
  ...
# Subtest: Checked-in UXD fixtures are deterministic and match the session-only example
ok 7 - Checked-in UXD fixtures are deterministic and match the session-only example
  ---
  duration_ms: 9.181375
  type: 'test'
  ...
# Subtest: Both readable CSV files import as the complete JSON workspace without ignored fields
ok 8 - Both readable CSV files import as the complete JSON workspace without ignored fields
  ---
  duration_ms: 2.773792
  type: 'test'
  ...
# Subtest: Demo counts and the cross-team Research rollup retain the documented showcase
ok 9 - Demo counts and the cross-team Research rollup retain the documented showcase
  ---
  duration_ms: 0.707209
  type: 'test'
  ...
# Subtest: Grid cards preserve graph identities, filtered connections and search scope
ok 10 - Grid cards preserve graph identities, filtered connections and search scope
  ---
  duration_ms: 20.164125
  type: 'test'
  ...
# Subtest: Grid owner labels use IDs and team project counts respect the selected period
ok 11 - Grid owner labels use IDs and team project counts respect the selected period
  ---
  duration_ms: 2.252417
  type: 'test'
  ...
# Subtest: The visual map shares export identities and shows only recorded relationships
ok 12 - The visual map shares export identities and shows only recorded relationships
  ---
  duration_ms: 0.72175
  type: 'test'
  ...
# Subtest: Attention and top-priority spotlights retain contributors and their reporting chains
ok 13 - Attention and top-priority spotlights retain contributors and their reporting chains
  ---
  duration_ms: 0.794209
  type: 'test'
  ...
# Subtest: Local graph depth follows both directions, and explains each relationship from the selected item
ok 14 - Local graph depth follows both directions, and explains each relationship from the selected item
  ---
  duration_ms: 0.207541
  type: 'test'
  ...
# Subtest: Quarter boundaries omit inactive projects without dangling dependencies
ok 15 - Quarter boundaries omit inactive projects without dangling dependencies
  ---
  duration_ms: 0.160958
  type: 'test'
  ...
# Subtest: Force layout stays deterministic, separated and immutable; fit contains all nodes
ok 16 - Force layout stays deterministic, separated and immutable; fit contains all nodes
  ---
  duration_ms: 94.892917
  type: 'test'
  ...
# Subtest: Zoom preserves the location under the pointer and clamps extreme input
ok 17 - Zoom preserves the location under the pointer and clamps extreme input
  ---
  duration_ms: 0.085125
  type: 'test'
  ...
# Subtest: Friendly source headers and explicit label aliases map without changing identity
ok 18 - Friendly source headers and explicit label aliases map without changing identity
  ---
  duration_ms: 3.273458
  type: 'test'
  ...
# Subtest: All exported project labels can be reviewed, including backlog and health aliases
ok 19 - All exported project labels can be reviewed, including backlog and health aliases
  ---
  duration_ms: 6.389917
  type: 'test'
  ...
# Subtest: Import review blocks missing relationships and inconsistent taxonomy without mutating the workspace
ok 20 - Import review blocks missing relationships and inconsistent taxonomy without mutating the workspace
  ---
  duration_ms: 2.571166
  type: 'test'
  ...
# (node:47239) ExperimentalWarning: SQLite is an experimental feature and might change at any time
# (Use `node --trace-warnings ...` to show where the warning was created)
# Subtest: Legacy SQLite plans migrate without losing data; project context survives saves
ok 21 - Legacy SQLite plans migrate without losing data; project context survives saves
  ---
  duration_ms: 29.155084
  type: 'test'
  ...
# Subtest: Project context round trips through CSV; legacy imports retain safe defaults
ok 22 - Project context round trips through CSV; legacy imports retain safe defaults
  ---
  duration_ms: 1.395333
  type: 'test'
  ...
# (node:47240) ExperimentalWarning: SQLite is an experimental feature and might change at any time
# (Use `node --trace-warnings ...` to show where the warning was created)
# Subtest: SQLite saves, rejects stale revisions and invalid writes without changing the plan
ok 23 - SQLite saves, rejects stale revisions and invalid writes without changing the plan
  ---
  duration_ms: 99.793292
  type: 'test'
  ...
# Subtest: A leader sees work owned by reports and shared work, each project once
ok 24 - A leader sees work owned by reports and shared work, each project once
  ---
  duration_ms: 6.124125
  type: 'test'
  ...
# Subtest: Reporting validation rejects cycles, missing managers and broken project links
ok 25 - Reporting validation rejects cycles, missing managers and broken project links
  ---
  duration_ms: 2.595583
  type: 'test'
  ...
# Subtest: Reporting reassignment updates leader rollups without changing project ownership
ok 26 - Reporting reassignment updates leader rollups without changing project ownership
  ---
  duration_ms: 0.986542
  type: 'test'
  ...
# Subtest: Graph export contains stable, resolvable identity and relationship links
ok 27 - Graph export contains stable, resolvable identity and relationship links
  ---
  duration_ms: 1.173542
  type: 'test'
  ...
# Subtest: Organization and project relationships round trip through CSV
ok 28 - Organization and project relationships round trip through CSV
  ---
  duration_ms: 4.244667
  type: 'test'
  ...
# Subtest: Related projects keep all direct dependencies first without truncating or mutating the plan
ok 29 - Related projects keep all direct dependencies first without truncating or mutating the plan
  ---
  duration_ms: 0.835041
  type: 'test'
  ...
# Subtest: Related projects agree with all seven exported dependency edges in both directions
ok 30 - Related projects agree with all seven exported dependency edges in both directions
  ---
  duration_ms: 1.063458
  type: 'test'
  ...
# Subtest: Shared people include opposite lead and contributor roles symmetrically
ok 31 - Shared people include opposite lead and contributor roles symmetrically
  ---
  duration_ms: 0.455541
  type: 'test'
  ...
# Subtest: A person present as both lead and contributor contributes one relationship reason
ok 32 - A person present as both lead and contributor contributes one relationship reason
  ---
  duration_ms: 0.61325
  type: 'test'
  ...
# Subtest: Matching display names do not connect different person IDs
ok 33 - Matching display names do not connect different person IDs
  ---
  duration_ms: 1.460042
  type: 'test'
  ...
# Subtest: Renaming people and projects preserves ID-based relationships
ok 34 - Renaming people and projects preserves ID-based relationships
  ---
  duration_ms: 0.890917
  type: 'test'
  ...
# (node:47242) ExperimentalWarning: SQLite is an experimental feature and might change at any time
# (Use `node --trace-warnings ...` to show where the warning was created)
# Subtest: Combined import saves both datasets once, resolves graph identities, and rejects stale or invalid replacements without partial writes
ok 35 - Combined import saves both datasets once, resolves graph identities, and rejects stale or invalid replacements without partial writes
  ---
  duration_ms: 49.786375
  type: 'test'
  ...
# Subtest: A complete new organization replaces both files without an invalid intermediate roster
ok 36 - A complete new organization replaces both files without an invalid intermediate roster
  ---
  duration_ms: 8.114709
  type: 'test'
  ...
# Subtest: Merge keeps omitted records and reports each dataset's changes without mutating inputs or revision
ok 37 - Merge keeps omitted records and reports each dataset's changes without mutating inputs or revision
  ---
  duration_ms: 8.545458
  type: 'test'
  ...
# Subtest: Replace counts retained IDs as updates and removes both omitted datasets
ok 38 - Replace counts retained IDs as updates and removes both omitted datasets
  ---
  duration_ms: 0.753042
  type: 'test'
  ...
# Subtest: Leading zeros and case-sensitive IDs remain distinct even when names match
ok 39 - Leading zeros and case-sensitive IDs remain distinct even when names match
  ---
  duration_ms: 1.481834
  type: 'test'
  ...
# Subtest: Combined validation blocks missing managers, owners, contributors and dependencies
ok 40 - Combined validation blocks missing managers, owners, contributors and dependencies
  ---
  duration_ms: 2.482375
  type: 'test'
  ...
# Subtest: Reporting cycles and inconsistent team or priority labels block the combined plan
ok 41 - Reporting cycles and inconsistent team or priority labels block the combined plan
  ---
  duration_ms: 0.438167
  type: 'test'
  ...
# Subtest: Merge validates taxonomy against omitted existing records
ok 42 - Merge validates taxonomy against omitted existing records
  ---
  duration_ms: 0.425417
  type: 'test'
  ...
# Subtest: Schema validation rejects malformed inspected rows and duplicate IDs without throwing
ok 43 - Schema validation rejects malformed inspected rows and duplicate IDs without throwing
  ---
  duration_ms: 1.545375
  type: 'test'
  ...
# Subtest: The combined preview blocks plans over the UTF-8 save limit even when each file is smaller
ok 44 - The combined preview blocks plans over the UTF-8 save limit even when each file is smaller
  ---
  duration_ms: 11.080334
  type: 'test'
  ...
# Subtest: The exact save-size boundary is accepted and one extra byte is blocked
ok 45 - The exact save-size boundary is accepted and one extra byte is blocked
  ---
  duration_ms: 13.236042
  type: 'test'
  ...
1..45
# tests 45
# suites 0
# pass 45
# fail 0
# cancelled 0
# skipped 0
# todo 0
# duration_ms 577.60275

> uxd-periscope@0.1.0 build
> next build

▲ Next.js 16.3.4 (Turbopack)
✓ Running next.config took 4ms

  Creating an optimized production build ...
