
> uxd-periscope@0.1.0 build
> next build

▲ Next.js 16.3.4 (Turbopack)
✓ Running next.config took 4ms

  Creating an optimized production build ...
✓ Compiled successfully in 367ms
  Running TypeScript ...
  Finished TypeScript in 821ms ...
  Collecting page data using 6 workers ...
(node:85722) ExperimentalWarning: SQLite is an experimental feature and might change at any time
(Use `node --trace-warnings ...` to show where the warning was created)
(node:85721) ExperimentalWarning: SQLite is an experimental feature and might change at any time
(Use `node --trace-warnings ...` to show where the warning was created)
(node:85723) ExperimentalWarning: SQLite is an experimental feature and might change at any time
(Use `node --trace-warnings ...` to show where the warning was created)
  Generating static pages using 6 workers (0/2) ...
✓ Generating static pages using 6 workers (2/2) in 157ms
  Finalizing page optimization ...

Route (app)
┌ ƒ /
├ ○ /_not-found
├ ƒ /api/graph
└ ƒ /api/plan


○  (Static)   prerendered as static content
ƒ  (Dynamic)  server-rendered on demand

